texmf_scripts='
a2ping/a2ping.pl
accfonts/mkt1font
accfonts/vpl2ovp
accfonts/vpl2vpl
adhocfilelist/adhocfilelist.sh
arara/arara.sh
attachfile2/pdfatfi.pl
authorindex/authorindex
bib2gls/bib2gls.sh
bib2gls/convertgls2bib.sh
bibexport/bibexport.sh
bundledoc/arlatex
bundledoc/bundledoc
cachepic/cachepic.tlu
checkcites/checkcites.lua
checklistings/checklistings.sh
chklref/chklref.pl
cjk-gs-integrate/cjk-gs-integrate.pl
clojure-pamphlet/pamphletangler
cluttex/cluttex.lua
context/perl/mptopdf.pl
context/stubs/unix/context
context/stubs/unix/contextjit
context/stubs/unix/luatools
context/stubs/unix/mtxrun
context/stubs/unix/mtxrunjit
context/stubs/unix/texexec
context/stubs/unix/texmfstart
convbkmk/convbkmk.rb
crossrefware/bbl2bib.pl
crossrefware/bibdoiadd.pl
crossrefware/bibmradd.pl
crossrefware/biburl2doi.pl
crossrefware/bibzbladd.pl
crossrefware/ltx2crossrefxml.pl
ctanbib/ctanbib
ctanify/ctanify
ctan-o-mat/ctan-o-mat.pl
ctanupload/ctanupload.pl
de-macro/de-macro
diadia/diadia.lua
digestif/digestif.texlua
dosepsbin/dosepsbin.pl
dtxgen/dtxgen
dviasm/dviasm.py
dviinfox/dviinfox.pl
ebong/ebong.py
epspdf/epspdftk.tcl
epspdf/epspdf.tlu
epstopdf/epstopdf.pl
exceltex/exceltex
fig4latex/fig4latex
findhyph/findhyph
fontools/afm2afm
fontools/autoinst
fontools/ot2kpx
fragmaster/fragmaster.pl
getmap/getmapdl.lua
git-latexdiff/git-latexdiff
glossaries/makeglossaries
glossaries/makeglossaries-lite.lua
installfont/installfont-tl
jfmutil/jfmutil.pl
ketcindy/ketcindy.pl
kotex-utils/jamo-normalize.pl
kotex-utils/komkindex.pl
kotex-utils/ttf2kotexfont.pl
l3build/l3build.lua
latex2man/latex2man
latex2nemeth/latex2nemeth
latexdiff/latexdiff.pl
latexdiff/latexdiff-vc.pl
latexdiff/latexrevise.pl
latexfileversion/latexfileversion
latex-git-log/latex-git-log
latexindent/latexindent.pl
latexmk/latexmk.pl
latexpand/latexpand
latex-papersize/latex-papersize.py
light-latex-make/llmk.lua
lilyglyphs/lily-glyph-commands.py
lilyglyphs/lily-image-commands.py
lilyglyphs/lily-rebuild-pdfs.py
listbib/listbib
listings-ext/listings-ext.sh
ltxfileinfo/ltxfileinfo
ltximg/ltximg.pl
luaotfload/luaotfload-tool.lua
lwarp/lwarpmk.lua
make4ht/make4ht
makedtx/makedtx.pl
match_parens/match_parens
mathspic/mathspic.pl
mf2pt1/mf2pt1.pl
mkgrkindex/mkgrkindex
mkjobtexmf/mkjobtexmf.pl
mkpic/mkpic
m-tx/m-tx.lua
multibibliography/multibibliography.pl
musixtex/musixflx.lua
musixtex/musixtex.lua
pax/pdfannotextractor.pl
pdfbook2/pdfbook2
pdfcrop/pdfcrop.pl
pdfjam/pdfjam
pdflatexpicscale/pdflatexpicscale.pl
pdftex-quiet/pdftex-quiet
pdfxup/pdfxup
pedigree-perl/pedigree.pl
perltex/perltex.pl
petri-nets/pn2pdf
pfarrei/a5toa4.tlu
pfarrei/pfarrei.tlu
pkfix-helper/pkfix-helper
pkfix/pkfix.pl
pmxchords/pmxchords.lua
pst2pdf/pst2pdf.pl
pst-pdf/ps4pdf
ptex2pdf/ptex2pdf.lua
ptex-fontmaps/kanji-config-updmap.pl
ptex-fontmaps/kanji-config-updmap-sys.sh
ptex-fontmaps/kanji-config-updmap-user.sh
ptex-fontmaps/kanji-fontmap-creator.pl
purifyeps/purifyeps
pygmentex/pygmentex.py
pythontex/depythontex.py
pythontex/pythontex.py
rubik/rubikrotation.pl
runtexshebang/runtexshebang.lua
simpdftex/simpdftex
spix/spix.py
splitindex/splitindex.pl
srcredact/srcredact.pl
sty2dtx/sty2dtx.pl
svn-multi/svn-multi.pl
tex4ebook/tex4ebook
texcount/texcount.pl
texdef/texdef.pl
texdiff/texdiff
texdirflatten/texdirflatten
texdoc/texdoc.tlu
texfindpkg/texfindpkg.lua
texfot/texfot.pl
texlive-extra/allcm.sh
texlive-extra/allneeded.sh
texlive-extra/dvi2fax.sh
texlive-extra/dvired.sh
texlive-extra/e2pall.pl
texlive-extra/fontinst.sh
texlive-extra/kpsetool.sh
texlive-extra/kpsewhere.sh
texlive-extra/ps2frag.sh
texlive-extra/pslatex.sh
texlive-extra/rubibtex.sh
texlive-extra/rumakeindex.sh
texlive-extra/texconfig-dialog.sh
texlive-extra/texconfig.sh
texlive-extra/texconfig-sys.sh
texlive-extra/texlinks.sh
texlive/fmtutil.pl
texlive/fmtutil-sys.sh
texlive/fmtutil-user.sh
texlive/mktexlsr
texlive/mktexmf
texlive/mktexpk
texlive/mktextfm
texliveonfly/texliveonfly.py
texlive/rungs.tlu
texlive/tlmgr.pl
texlive/updmap.pl
texlive/updmap-sys.sh
texlive/updmap-user.sh
texloganalyser/texloganalyser
texlogfilter/texlogfilter
texlogsieve/texlogsieve
texosquery/texosquery-jre5.sh
texosquery/texosquery-jre8.sh
texosquery/texosquery.sh
texplate/texplate.sh
thumbpdf/thumbpdf.pl
tikztosvg/tikztosvg
tlcockpit/tlcockpit.sh
tlshell/tlshell.tcl
typeoutfileinfo/typeoutfileinfo.sh
ulqda/ulqda.pl
urlbst/urlbst
vpe/vpe.pl
webquiz/webquiz.py
wordcount/wordcount.sh
xindex/xindex.lua
yplan/yplan
'
